../Core/Src/main.c:497:6:SystemClock_Config	88	static,ignoring_inline_asm
../Core/Src/main.c:336:5:main	152	static,ignoring_inline_asm
../Core/Src/main.c:1127:6:HAL_UART_RxCpltCallback	32	static
../Core/Src/main.c:1873:6:runTestTask	8	static
../Core/Src/main.c:1217:6:PIDConfigInit	0	static
../Core/Src/main.c:1225:6:PIDConfigReset	0	static
../Core/Src/main.c:1235:6:StraightLineMove	24	static
../Core/Src/main.c:1246:6:StraightLineMoveSpeedScale	32	static
../Core/Src/main.c:1256:6:RobotMoveDist	48	static
../Core/Src/main.c:1538:6:runMoveDistTask	32	static
../Core/Src/main.c:1299:6:RobotTurn	56	static
../Core/Src/main.c:1632:6:runFRTask	8	static
../Core/Src/main.c:1810:6:runBRTask	8	static
../Core/Src/main.c:1913:6:runDispatchTask	8	static
../Core/Src/main.c:2034:6:runFLTask	16	static
../Core/Src/main.c:2102:6:runBLTask	8	static
../Core/Src/main.c:1322:6:FASTESTPATH_TURN_LEFT_90	8	static
../Core/Src/main.c:1339:6:StartDefaultTask	16	static
../Core/Src/main.c:1363:6:motorTask	8	static
../Core/Src/main.c:1419:6:gyroTask	8	static
../Core/Src/main.c:1437:6:gyroBiasTask	8	static
../Core/Src/main.c:1455:6:PidTask	8	static
../Core/Src/main.c:1473:6:encoder_task	40	static
../Core/Src/main.c:1604:6:runOledTask	32	static
../Core/Src/main.c:2165:6:HAL_TIM_PeriodElapsedCallback	0	static
../Core/Src/main.c:2182:6:Error_Handler	0	static,ignoring_inline_asm
